
Floyd Warshall:
-> A -> D -> B -> C -> F 

Bellman Ford:
