FloydWarshall: A -(-5)> B -(-1)> C -(0)> D
BellmanFord: A -(-5)> B -(-1)> C -(0)> D
Johnson: A -(0)> B -(0)> C -(0)> D
