Dijkstra: A -(1)> B -(1)> D -(1)> E -(1)> G
Dijkstra: A -(1)> B -(1)> D -(1)> F -(1)> G
Dijkstra: A -(1)> C -(1)> D -(1)> E -(1)> G
Dijkstra: A -(1)> C -(1)> D -(1)> F -(1)> G
