FloydWarshall: A -(1)> B -(2)> D 
BellmanFord: A -(1)> B -(2)> D
BellmanFord: A -(1)> C -(2)> D
