FloydWarshall: A -(1)> B
BellmanFord: A -(-1)> C -(1)> B
BellmanFord: A -(1)> B
